// Jest Snapshot v1, https://goo.gl/fbAQLP

exports[`Timeout should match snapshot 1`] = `
<Col
  gridGap="S300"
  padding={
    Object {
      "top": "S300",
    }
  }
>
  <Text
    font="primary"
    fontSize="T300"
    hyphens="none"
  >
    Session expired
  </Text>
  <Text
    font="primary"
    fontSize="T100"
    hyphens="none"
  >
    Due to inactivity, your session is expired, Please return to dashboard and resume the application.
  </Text>
  <Col
    padding={
      Object {
        "top": "S300",
      }
    }
  >
    <Button
      colorScheme="default"
      dataTestId="button-dashboard"
      iconPosition="leading"
      onClick={[Function]}
      shouldUseResponsiveContent={true}
      size="default"
      type="button"
      variant="primary"
    >
      Return to dashboard
    </Button>
  </Col>
</Col>
`;
