// Jest Snapshot v1, https://goo.gl/fbAQLP

exports[`BannerMessage should match snapshot 1`] = `
<Col>
  <MessageBanner
    aria-live="assertive"
    isDismissible={true}
    onDismissed={[Function]}
    type="informational"
  >
    <DangerouslySetHtmlContent
      className="bannerMessageTitle"
      html="TEST_TITLE"
    />
  </MessageBanner>
</Col>
`;
