// Jest Snapshot v1, https://goo.gl/fbAQLP

exports[`ThankYouWrapper Component should match snapshot 1`] = `<Connect(ThankYouSummary) />`;
