// Jest Snapshot v1, https://goo.gl/fbAQLP

exports[`NoAvailableShift should match snapshot 1`] = `
<Col
  gridGap="S300"
  padding={
    Object {
      "top": "S300",
    }
  }
>
  <Text
    font="primary"
    fontSize="T400"
    hyphens="none"
  >
    Currently all shifts have been filled.
  </Text>
  <Text
    font="primary"
    fontSize="T200"
    hyphens="none"
  >
    Please return to the dashboard to apply for other jobs.
  </Text>
  <Button
    colorScheme="default"
    iconPosition="leading"
    onClick={[Function]}
    shouldUseResponsiveContent={true}
    size="default"
    type="button"
    variant="primary"
  >
    Return to dashboard
  </Button>
</Col>
`;
